2026-04-28 21:21:38 [INFO] CSC is loading...   Success！
2026-04-28 21:21:39 [INFO]   Detected cloud rule update, preparing to download~
2026-04-28 21:21:40 [INFO]   Update completed~
2026-04-28 21:26:20 [INFO] CSC is loading...   Success！
2026-04-28 21:32:36 [INFO]    _____  _____  _____ 
2026-04-28 21:32:36 [INFO]   / ____|/ ____|/ ____|
2026-04-28 21:32:36 [INFO]  | |    | (___ | |        [CSC] Version: v1.21.20
2026-04-28 21:32:36 [INFO]  | |     \___ \| |        Minecraft Version: 1.21.1 neoforge
2026-04-28 21:32:36 [INFO]  | |____ ____) | |____    Problem/Feedback: Tencent QQ：1061133894
2026-04-28 21:32:36 [INFO]   \_____|_____/ \_____|
2026-04-28 21:32:36 [INFO]                        
2026-04-28 21:45:49 [INFO] CSC close completely, thanks for using!
2026-04-28 21:47:11 [INFO] CSC is loading...   Success！
2026-04-28 23:26:15 [INFO] CSC is loading...   Success！
2026-04-29 00:59:50 [INFO]    _____  _____  _____ 
2026-04-29 00:59:50 [INFO]   / ____|/ ____|/ ____|
2026-04-29 00:59:50 [INFO]  | |    | (___ | |        [CSC] Version: v1.21.20
2026-04-29 00:59:50 [INFO]  | |     \___ \| |        Minecraft Version: 1.21.1 neoforge
2026-04-29 00:59:50 [INFO]  | |____ ____) | |____    Problem/Feedback: Tencent QQ：1061133894
2026-04-29 00:59:50 [INFO]   \_____|_____/ \_____|
2026-04-29 00:59:50 [INFO]                        
2026-04-29 01:57:44 [INFO] CSC close completely, thanks for using!
2026-04-29 02:02:43 [INFO]    _____  _____  _____ 
2026-04-29 02:02:43 [INFO]   / ____|/ ____|/ ____|
2026-04-29 02:02:43 [INFO]  | |    | (___ | |        [CSC] Version: v1.21.20
2026-04-29 02:02:43 [INFO]  | |     \___ \| |        Minecraft Version: 1.21.1 neoforge
2026-04-29 02:02:43 [INFO]  | |____ ____) | |____    Problem/Feedback: Tencent QQ：1061133894
2026-04-29 02:02:43 [INFO]   \_____|_____/ \_____|
2026-04-29 02:02:43 [INFO]                        
2026-04-29 02:03:50 [INFO] CSC close completely, thanks for using!
2026-04-29 02:05:41 [INFO] CSC is loading...   Success！
2026-04-29 02:08:02 [INFO]    _____  _____  _____ 
2026-04-29 02:08:02 [INFO]   / ____|/ ____|/ ____|
2026-04-29 02:08:02 [INFO]  | |    | (___ | |        [CSC] Version: v1.21.20
2026-04-29 02:08:02 [INFO]  | |     \___ \| |        Minecraft Version: 1.21.1 neoforge
2026-04-29 02:08:02 [INFO]  | |____ ____) | |____    Problem/Feedback: Tencent QQ：1061133894
2026-04-29 02:08:02 [INFO]   \_____|_____/ \_____|
2026-04-29 02:08:02 [INFO]                        
2026-04-29 06:01:39 [INFO] CSC close completely, thanks for using!
2026-04-29 20:11:52 [INFO] CSC is loading...   Success！
2026-04-29 20:25:06 [INFO] CSC is loading...   Success！
2026-04-29 20:53:37 [INFO] CSC is loading...   Success！
2026-04-29 21:43:02 [INFO] CSC is loading...   Success！
2026-04-29 23:12:23 [INFO] CSC is loading...   Success！
2026-04-30 01:44:34 [INFO] CSC is loading...   Success！
2026-04-30 01:47:45 [INFO]    _____  _____  _____ 
2026-04-30 01:47:45 [INFO]   / ____|/ ____|/ ____|
2026-04-30 01:47:45 [INFO]  | |    | (___ | |        [CSC] Version: v1.21.20
2026-04-30 01:47:45 [INFO]  | |     \___ \| |        Minecraft Version: 1.21.1 neoforge
2026-04-30 01:47:45 [INFO]  | |____ ____) | |____    Problem/Feedback: Tencent QQ：1061133894
2026-04-30 01:47:45 [INFO]   \_____|_____/ \_____|
2026-04-30 01:47:45 [INFO]                        
2026-04-30 01:56:18 [INFO] CSC close completely, thanks for using!
2026-04-30 03:24:22 [INFO] CSC is loading...   Success！
2026-04-30 03:26:27 [INFO]    _____  _____  _____ 
2026-04-30 03:26:27 [INFO]   / ____|/ ____|/ ____|
2026-04-30 03:26:27 [INFO]  | |    | (___ | |        [CSC] Version: v1.21.20
2026-04-30 03:26:27 [INFO]  | |     \___ \| |        Minecraft Version: 1.21.1 neoforge
2026-04-30 03:26:27 [INFO]  | |____ ____) | |____    Problem/Feedback: Tencent QQ：1061133894
2026-04-30 03:26:27 [INFO]   \_____|_____/ \_____|
2026-04-30 03:26:27 [INFO]                        
2026-04-30 03:45:36 [INFO] CSC close completely, thanks for using!
2026-04-30 18:28:59 [INFO] CSC is loading...   Success！
2026-04-30 20:22:18 [INFO] CSC is loading...   Success！
2026-04-30 20:53:28 [INFO]    _____  _____  _____ 
2026-04-30 20:53:28 [INFO]   / ____|/ ____|/ ____|
2026-04-30 20:53:28 [INFO]  | |    | (___ | |        [CSC] Version: v1.21.20
2026-04-30 20:53:28 [INFO]  | |     \___ \| |        Minecraft Version: 1.21.1 neoforge
2026-04-30 20:53:28 [INFO]  | |____ ____) | |____    Problem/Feedback: Tencent QQ：1061133894
2026-04-30 20:53:28 [INFO]   \_____|_____/ \_____|
2026-04-30 20:53:28 [INFO]                        
2026-04-30 21:59:58 [INFO] CSC close completely, thanks for using!
2026-04-30 22:24:25 [INFO] CSC is loading...   Success！
